Copyright 1986-2022 Xilinx, Inc. All Rights Reserved. Copyright 2022-2025 Advanced Micro Devices, Inc. All Rights Reserved.
------------------------------------------------------------------------------------------------------------------------------------------------------------------------------------------------------------------------------------------
| Tool Version : Vivado v.2025.2 (win64) Build 6299465 Fri Nov 14 19:35:11 GMT 2025
| Date         : Fri May 29 15:43:09 2026
| Host         : MSI running 64-bit major release  (build 9200)
| Command      : report_timing_summary -max_paths 10 -routable_nets -report_unconstrained -file Lab6_1_Top_timing_summary_routed.rpt -pb Lab6_1_Top_timing_summary_routed.pb -rpx Lab6_1_Top_timing_summary_routed.rpx -warn_on_violation
| Design       : Lab6_1_Top
| Device       : 7s50-csga324
| Speed File   : -1  PRODUCTION 1.23 2018-06-13
| Design State : Routed
------------------------------------------------------------------------------------------------------------------------------------------------------------------------------------------------------------------------------------------

Timing Summary Report

------------------------------------------------------------------------------------------------
| Timer Settings
| --------------
------------------------------------------------------------------------------------------------

  Enable Multi Corner Analysis               :  Yes
  Enable Pessimism Removal                   :  Yes
  Pessimism Removal Resolution               :  Nearest Common Node
  Enable Input Delay Default Clock           :  No
  Enable Preset / Clear Arcs                 :  No
  Disable Flight Delays                      :  No
  Ignore I/O Paths                           :  No
  Timing Early Launch at Borrowing Latches   :  No
  Borrow Time for Max Delay Exceptions       :  Yes
  Merge Timing Exceptions                    :  Yes
  Inter-SLR Compensation                     :  Conservative

  Corner  Analyze    Analyze    
  Name    Max Paths  Min Paths  
  ------  ---------  ---------  
  Slow    Yes        Yes        
  Fast    Yes        Yes        


------------------------------------------------------------------------------------------------
| Report Methodology
| ------------------
------------------------------------------------------------------------------------------------

Rule       Severity          Description                  Violations  
---------  ----------------  ---------------------------  ----------  
TIMING-17  Critical Warning  Non-clocked sequential cell  30          

Note: This report is based on the most recent report_methodology run and may not be up-to-date. Run report_methodology on the current design for the latest report.



check_timing report

Table of Contents
-----------------
1. checking no_clock (30)
2. checking constant_clock (0)
3. checking pulse_width_clock (0)
4. checking unconstrained_internal_endpoints (60)
5. checking no_input_delay (1)
6. checking no_output_delay (3)
7. checking multiple_clock (0)
8. checking generated_clocks (0)
9. checking loops (0)
10. checking partial_input_delay (0)
11. checking partial_output_delay (0)
12. checking latch_loops (0)

1. checking no_clock (30)
-------------------------
 There are 27 register/latch pins with no clock driven by root clock pin: clk (HIGH)

 There are 3 register/latch pins with no clock driven by root clock pin: U0/slow_clk_reg/Q (HIGH)


2. checking constant_clock (0)
------------------------------
 There are 0 register/latch pins with constant_clock.


3. checking pulse_width_clock (0)
---------------------------------
 There are 0 register/latch pins which need pulse_width check


4. checking unconstrained_internal_endpoints (60)
-------------------------------------------------
 There are 60 pins that are not constrained for maximum delay. (HIGH)

 There are 0 pins that are not constrained for maximum delay due to constant clock.


5. checking no_input_delay (1)
------------------------------
 There is 1 input port with no input delay specified. (HIGH)

 There are 0 input ports with no input delay but user has a false path constraint.


6. checking no_output_delay (3)
-------------------------------
 There are 3 ports with no output delay specified. (HIGH)

 There are 0 ports with no output delay but user has a false path constraint

 There are 0 ports with no output delay but with a timing clock defined on it or propagating through it


7. checking multiple_clock (0)
------------------------------
 There are 0 register/latch pins with multiple clocks.


8. checking generated_clocks (0)
--------------------------------
 There are 0 generated clocks that are not connected to a clock source.


9. checking loops (0)
---------------------
 There are 0 combinational loops in the design.


10. checking partial_input_delay (0)
------------------------------------
 There are 0 input ports with partial input delay specified.


11. checking partial_output_delay (0)
-------------------------------------
 There are 0 ports with partial output delay specified.


12. checking latch_loops (0)
----------------------------
 There are 0 combinational latch loops in the design through latch input



------------------------------------------------------------------------------------------------
| Design Timing Summary
| ---------------------
------------------------------------------------------------------------------------------------

    WNS(ns)      TNS(ns)  TNS Failing Endpoints  TNS Total Endpoints      WHS(ns)      THS(ns)  THS Failing Endpoints  THS Total Endpoints     WPWS(ns)     TPWS(ns)  TPWS Failing Endpoints  TPWS Total Endpoints  
    -------      -------  ---------------------  -------------------      -------      -------  ---------------------  -------------------     --------     --------  ----------------------  --------------------  
        inf        0.000                      0                   63          inf        0.000                      0                   63           NA           NA                      NA                    NA  


There are no user specified timing constraints.


------------------------------------------------------------------------------------------------
| Clock Summary
| -------------
------------------------------------------------------------------------------------------------


------------------------------------------------------------------------------------------------
| Intra Clock Table
| -----------------
------------------------------------------------------------------------------------------------

Clock             WNS(ns)      TNS(ns)  TNS Failing Endpoints  TNS Total Endpoints      WHS(ns)      THS(ns)  THS Failing Endpoints  THS Total Endpoints     WPWS(ns)     TPWS(ns)  TPWS Failing Endpoints  TPWS Total Endpoints  
-----             -------      -------  ---------------------  -------------------      -------      -------  ---------------------  -------------------     --------     --------  ----------------------  --------------------  


------------------------------------------------------------------------------------------------
| Inter Clock Table
| -----------------
------------------------------------------------------------------------------------------------

From Clock    To Clock          WNS(ns)      TNS(ns)  TNS Failing Endpoints  TNS Total Endpoints      WHS(ns)      THS(ns)  THS Failing Endpoints  THS Total Endpoints  
----------    --------          -------      -------  ---------------------  -------------------      -------      -------  ---------------------  -------------------  


------------------------------------------------------------------------------------------------
| Other Path Groups Table
| -----------------------
------------------------------------------------------------------------------------------------

Path Group    From Clock    To Clock          WNS(ns)      TNS(ns)  TNS Failing Endpoints  TNS Total Endpoints      WHS(ns)      THS(ns)  THS Failing Endpoints  THS Total Endpoints  
----------    ----------    --------          -------      -------  ---------------------  -------------------      -------      -------  ---------------------  -------------------  


------------------------------------------------------------------------------------------------
| User Ignored Path Table
| -----------------------
------------------------------------------------------------------------------------------------

Path Group    From Clock    To Clock    
----------    ----------    --------    


------------------------------------------------------------------------------------------------
| Unconstrained Path Table
| ------------------------
------------------------------------------------------------------------------------------------

Path Group    From Clock    To Clock    
----------    ----------    --------    
(none)                                    


------------------------------------------------------------------------------------------------
| Timing Details
| --------------
------------------------------------------------------------------------------------------------


--------------------------------------------------------------------------------------
Path Group:  (none)
From Clock:  
  To Clock:  

Max Delay            63 Endpoints
Min Delay            63 Endpoints
--------------------------------------------------------------------------------------


Max Delay Paths
--------------------------------------------------------------------------------------
Slack:                    inf
  Source:                 U1/q_reg[1]/C
                            (rising edge-triggered cell FDCE)
  Destination:            led[1]
                            (output port)
  Path Group:             (none)
  Path Type:              Max at Slow Process Corner
  Data Path Delay:        5.048ns  (logic 3.363ns (66.621%)  route 1.685ns (33.379%))
  Logic Levels:           2  (FDCE=1 OBUF=1)

    Location             Delay type                Incr(ns)  Path(ns)    Netlist Resource(s)
  -------------------------------------------------------------------    -------------------
    SLICE_X0Y1           FDCE                         0.000     0.000 r  U1/q_reg[1]/C
    SLICE_X0Y1           FDCE (Prop_fdce_C_Q)         0.594     0.594 r  U1/q_reg[1]/Q
                         net (fo=2, routed)           1.685     2.279    led_OBUF[1]
    V12                  OBUF (Prop_obuf_I_O)         2.769     5.048 r  led_OBUF[1]_inst/O
                         net (fo=0)                   0.000     5.048    led[1]
    V12                                                               r  led[1] (OUT)
  -------------------------------------------------------------------    -------------------

Slack:                    inf
  Source:                 U1/q_reg[2]/C
                            (rising edge-triggered cell FDCE)
  Destination:            led[2]
                            (output port)
  Path Group:             (none)
  Path Type:              Max at Slow Process Corner
  Data Path Delay:        4.912ns  (logic 3.225ns (65.654%)  route 1.687ns (34.346%))
  Logic Levels:           2  (FDCE=1 OBUF=1)

    Location             Delay type                Incr(ns)  Path(ns)    Netlist Resource(s)
  -------------------------------------------------------------------    -------------------
    SLICE_X0Y1           FDCE                         0.000     0.000 r  U1/q_reg[2]/C
    SLICE_X0Y1           FDCE (Prop_fdce_C_Q)         0.631     0.631 r  U1/q_reg[2]/Q
                         net (fo=2, routed)           1.687     2.318    led_OBUF[2]
    U11                  OBUF (Prop_obuf_I_O)         2.594     4.912 r  led_OBUF[2]_inst/O
                         net (fo=0)                   0.000     4.912    led[2]
    U11                                                               r  led[2] (OUT)
  -------------------------------------------------------------------    -------------------

Slack:                    inf
  Source:                 U1/q_reg[0]/C
                            (rising edge-triggered cell FDPE)
  Destination:            led[0]
                            (output port)
  Path Group:             (none)
  Path Type:              Max at Slow Process Corner
  Data Path Delay:        4.896ns  (logic 3.200ns (65.359%)  route 1.696ns (34.641%))
  Logic Levels:           2  (FDPE=1 OBUF=1)

    Location             Delay type                Incr(ns)  Path(ns)    Netlist Resource(s)
  -------------------------------------------------------------------    -------------------
    SLICE_X0Y1           FDPE                         0.000     0.000 r  U1/q_reg[0]/C
    SLICE_X0Y1           FDPE (Prop_fdpe_C_Q)         0.631     0.631 r  U1/q_reg[0]/Q
                         net (fo=3, routed)           1.696     2.327    led_OBUF[0]
    R12                  OBUF (Prop_obuf_I_O)         2.569     4.896 r  led_OBUF[0]_inst/O
                         net (fo=0)                   0.000     4.896    led[0]
    R12                                                               r  led[0] (OUT)
  -------------------------------------------------------------------    -------------------

Slack:                    inf
  Source:                 U0/count_reg[24]/C
                            (rising edge-triggered cell FDCE)
  Destination:            U0/count_reg[5]/D
  Path Group:             (none)
  Path Type:              Max at Slow Process Corner
  Data Path Delay:        3.977ns  (logic 0.856ns (21.521%)  route 3.121ns (78.479%))
  Logic Levels:           4  (FDCE=1 LUT2=1 LUT6=2)

    Location             Delay type                Incr(ns)  Path(ns)    Netlist Resource(s)
  -------------------------------------------------------------------    -------------------
    SLICE_X3Y5           FDCE                         0.000     0.000 r  U0/count_reg[24]/C
    SLICE_X3Y5           FDCE (Prop_fdce_C_Q)         0.456     0.456 f  U0/count_reg[24]/Q
                         net (fo=2, routed)           0.866     1.322    U0/count[24]
    SLICE_X3Y5           LUT6 (Prop_lut6_I1_O)        0.124     1.446 r  U0/count[25]_i_8/O
                         net (fo=1, routed)           1.013     2.460    U0/count[25]_i_8_n_0
    SLICE_X3Y2           LUT6 (Prop_lut6_I5_O)        0.124     2.584 r  U0/count[25]_i_2/O
                         net (fo=26, routed)          1.242     3.825    U0/count[25]_i_2_n_0
    SLICE_X3Y0           LUT2 (Prop_lut2_I0_O)        0.152     3.977 r  U0/count[5]_i_1/O
                         net (fo=1, routed)           0.000     3.977    U0/count_0[5]
    SLICE_X3Y0           FDCE                                         r  U0/count_reg[5]/D
  -------------------------------------------------------------------    -------------------

Slack:                    inf
  Source:                 U0/count_reg[24]/C
                            (rising edge-triggered cell FDCE)
  Destination:            U0/count_reg[3]/D
  Path Group:             (none)
  Path Type:              Max at Slow Process Corner
  Data Path Delay:        3.964ns  (logic 0.856ns (21.593%)  route 3.108ns (78.407%))
  Logic Levels:           4  (FDCE=1 LUT2=1 LUT6=2)

    Location             Delay type                Incr(ns)  Path(ns)    Netlist Resource(s)
  -------------------------------------------------------------------    -------------------
    SLICE_X3Y5           FDCE                         0.000     0.000 r  U0/count_reg[24]/C
    SLICE_X3Y5           FDCE (Prop_fdce_C_Q)         0.456     0.456 f  U0/count_reg[24]/Q
                         net (fo=2, routed)           0.866     1.322    U0/count[24]
    SLICE_X3Y5           LUT6 (Prop_lut6_I1_O)        0.124     1.446 r  U0/count[25]_i_8/O
                         net (fo=1, routed)           1.013     2.460    U0/count[25]_i_8_n_0
    SLICE_X3Y2           LUT6 (Prop_lut6_I5_O)        0.124     2.584 r  U0/count[25]_i_2/O
                         net (fo=26, routed)          1.228     3.812    U0/count[25]_i_2_n_0
    SLICE_X3Y0           LUT2 (Prop_lut2_I0_O)        0.152     3.964 r  U0/count[3]_i_1/O
                         net (fo=1, routed)           0.000     3.964    U0/count_0[3]
    SLICE_X3Y0           FDCE                                         r  U0/count_reg[3]/D
  -------------------------------------------------------------------    -------------------

Slack:                    inf
  Source:                 U0/count_reg[24]/C
                            (rising edge-triggered cell FDCE)
  Destination:            U0/count_reg[25]/D
  Path Group:             (none)
  Path Type:              Max at Slow Process Corner
  Data Path Delay:        3.957ns  (logic 0.856ns (21.631%)  route 3.101ns (78.369%))
  Logic Levels:           4  (FDCE=1 LUT2=1 LUT6=2)

    Location             Delay type                Incr(ns)  Path(ns)    Netlist Resource(s)
  -------------------------------------------------------------------    -------------------
    SLICE_X3Y5           FDCE                         0.000     0.000 r  U0/count_reg[24]/C
    SLICE_X3Y5           FDCE (Prop_fdce_C_Q)         0.456     0.456 f  U0/count_reg[24]/Q
                         net (fo=2, routed)           0.866     1.322    U0/count[24]
    SLICE_X3Y5           LUT6 (Prop_lut6_I1_O)        0.124     1.446 r  U0/count[25]_i_8/O
                         net (fo=1, routed)           1.013     2.460    U0/count[25]_i_8_n_0
    SLICE_X3Y2           LUT6 (Prop_lut6_I5_O)        0.124     2.584 r  U0/count[25]_i_2/O
                         net (fo=26, routed)          1.221     3.805    U0/count[25]_i_2_n_0
    SLICE_X3Y5           LUT2 (Prop_lut2_I0_O)        0.152     3.957 r  U0/count[25]_i_1/O
                         net (fo=1, routed)           0.000     3.957    U0/count_0[25]
    SLICE_X3Y5           FDCE                                         r  U0/count_reg[25]/D
  -------------------------------------------------------------------    -------------------

Slack:                    inf
  Source:                 U0/count_reg[24]/C
                            (rising edge-triggered cell FDCE)
  Destination:            U0/count_reg[4]/D
  Path Group:             (none)
  Path Type:              Max at Slow Process Corner
  Data Path Delay:        3.949ns  (logic 0.828ns (20.965%)  route 3.121ns (79.035%))
  Logic Levels:           4  (FDCE=1 LUT2=1 LUT6=2)

    Location             Delay type                Incr(ns)  Path(ns)    Netlist Resource(s)
  -------------------------------------------------------------------    -------------------
    SLICE_X3Y5           FDCE                         0.000     0.000 r  U0/count_reg[24]/C
    SLICE_X3Y5           FDCE (Prop_fdce_C_Q)         0.456     0.456 f  U0/count_reg[24]/Q
                         net (fo=2, routed)           0.866     1.322    U0/count[24]
    SLICE_X3Y5           LUT6 (Prop_lut6_I1_O)        0.124     1.446 r  U0/count[25]_i_8/O
                         net (fo=1, routed)           1.013     2.460    U0/count[25]_i_8_n_0
    SLICE_X3Y2           LUT6 (Prop_lut6_I5_O)        0.124     2.584 r  U0/count[25]_i_2/O
                         net (fo=26, routed)          1.242     3.825    U0/count[25]_i_2_n_0
    SLICE_X3Y0           LUT2 (Prop_lut2_I0_O)        0.124     3.949 r  U0/count[4]_i_1/O
                         net (fo=1, routed)           0.000     3.949    U0/count_0[4]
    SLICE_X3Y0           FDCE                                         r  U0/count_reg[4]/D
  -------------------------------------------------------------------    -------------------

Slack:                    inf
  Source:                 U0/count_reg[24]/C
                            (rising edge-triggered cell FDCE)
  Destination:            U0/count_reg[2]/D
  Path Group:             (none)
  Path Type:              Max at Slow Process Corner
  Data Path Delay:        3.936ns  (logic 0.828ns (21.035%)  route 3.108ns (78.965%))
  Logic Levels:           4  (FDCE=1 LUT2=1 LUT6=2)

    Location             Delay type                Incr(ns)  Path(ns)    Netlist Resource(s)
  -------------------------------------------------------------------    -------------------
    SLICE_X3Y5           FDCE                         0.000     0.000 r  U0/count_reg[24]/C
    SLICE_X3Y5           FDCE (Prop_fdce_C_Q)         0.456     0.456 f  U0/count_reg[24]/Q
                         net (fo=2, routed)           0.866     1.322    U0/count[24]
    SLICE_X3Y5           LUT6 (Prop_lut6_I1_O)        0.124     1.446 r  U0/count[25]_i_8/O
                         net (fo=1, routed)           1.013     2.460    U0/count[25]_i_8_n_0
    SLICE_X3Y2           LUT6 (Prop_lut6_I5_O)        0.124     2.584 r  U0/count[25]_i_2/O
                         net (fo=26, routed)          1.228     3.812    U0/count[25]_i_2_n_0
    SLICE_X3Y0           LUT2 (Prop_lut2_I0_O)        0.124     3.936 r  U0/count[2]_i_1/O
                         net (fo=1, routed)           0.000     3.936    U0/count_0[2]
    SLICE_X3Y0           FDCE                                         r  U0/count_reg[2]/D
  -------------------------------------------------------------------    -------------------

Slack:                    inf
  Source:                 U0/count_reg[24]/C
                            (rising edge-triggered cell FDCE)
  Destination:            U0/count_reg[24]/D
  Path Group:             (none)
  Path Type:              Max at Slow Process Corner
  Data Path Delay:        3.929ns  (logic 0.828ns (21.072%)  route 3.101ns (78.928%))
  Logic Levels:           4  (FDCE=1 LUT2=1 LUT6=2)

    Location             Delay type                Incr(ns)  Path(ns)    Netlist Resource(s)
  -------------------------------------------------------------------    -------------------
    SLICE_X3Y5           FDCE                         0.000     0.000 r  U0/count_reg[24]/C
    SLICE_X3Y5           FDCE (Prop_fdce_C_Q)         0.456     0.456 f  U0/count_reg[24]/Q
                         net (fo=2, routed)           0.866     1.322    U0/count[24]
    SLICE_X3Y5           LUT6 (Prop_lut6_I1_O)        0.124     1.446 r  U0/count[25]_i_8/O
                         net (fo=1, routed)           1.013     2.460    U0/count[25]_i_8_n_0
    SLICE_X3Y2           LUT6 (Prop_lut6_I5_O)        0.124     2.584 r  U0/count[25]_i_2/O
                         net (fo=26, routed)          1.221     3.805    U0/count[25]_i_2_n_0
    SLICE_X3Y5           LUT2 (Prop_lut2_I0_O)        0.124     3.929 r  U0/count[24]_i_1/O
                         net (fo=1, routed)           0.000     3.929    U0/count_0[24]
    SLICE_X3Y5           FDCE                                         r  U0/count_reg[24]/D
  -------------------------------------------------------------------    -------------------

Slack:                    inf
  Source:                 U0/count_reg[24]/C
                            (rising edge-triggered cell FDCE)
  Destination:            U0/count_reg[9]/D
  Path Group:             (none)
  Path Type:              Max at Slow Process Corner
  Data Path Delay:        3.835ns  (logic 0.858ns (22.372%)  route 2.977ns (77.628%))
  Logic Levels:           4  (FDCE=1 LUT2=1 LUT6=2)

    Location             Delay type                Incr(ns)  Path(ns)    Netlist Resource(s)
  -------------------------------------------------------------------    -------------------
    SLICE_X3Y5           FDCE                         0.000     0.000 r  U0/count_reg[24]/C
    SLICE_X3Y5           FDCE (Prop_fdce_C_Q)         0.456     0.456 f  U0/count_reg[24]/Q
                         net (fo=2, routed)           0.866     1.322    U0/count[24]
    SLICE_X3Y5           LUT6 (Prop_lut6_I1_O)        0.124     1.446 r  U0/count[25]_i_8/O
                         net (fo=1, routed)           1.013     2.460    U0/count[25]_i_8_n_0
    SLICE_X3Y2           LUT6 (Prop_lut6_I5_O)        0.124     2.584 r  U0/count[25]_i_2/O
                         net (fo=26, routed)          1.097     3.681    U0/count[25]_i_2_n_0
    SLICE_X3Y1           LUT2 (Prop_lut2_I0_O)        0.154     3.835 r  U0/count[9]_i_1/O
                         net (fo=1, routed)           0.000     3.835    U0/count_0[9]
    SLICE_X3Y1           FDCE                                         r  U0/count_reg[9]/D
  -------------------------------------------------------------------    -------------------





Min Delay Paths
--------------------------------------------------------------------------------------
Slack:                    inf
  Source:                 U1/q_reg[0]/C
                            (rising edge-triggered cell FDPE)
  Destination:            U1/q_reg[1]/D
  Path Group:             (none)
  Path Type:              Min at Fast Process Corner
  Data Path Delay:        0.284ns  (logic 0.195ns (68.766%)  route 0.089ns (31.234%))
  Logic Levels:           1  (FDPE=1)

    Location             Delay type                Incr(ns)  Path(ns)    Netlist Resource(s)
  -------------------------------------------------------------------    -------------------
    SLICE_X0Y1           FDPE                         0.000     0.000 r  U1/q_reg[0]/C
    SLICE_X0Y1           FDPE (Prop_fdpe_C_Q)         0.195     0.195 r  U1/q_reg[0]/Q
                         net (fo=3, routed)           0.089     0.284    U1/Q[0]
    SLICE_X0Y1           FDCE                                         r  U1/q_reg[1]/D
  -------------------------------------------------------------------    -------------------

Slack:                    inf
  Source:                 U1/q_reg[1]/C
                            (rising edge-triggered cell FDCE)
  Destination:            U1/q_reg[2]/D
  Path Group:             (none)
  Path Type:              Min at Fast Process Corner
  Data Path Delay:        0.317ns  (logic 0.182ns (57.370%)  route 0.135ns (42.630%))
  Logic Levels:           1  (FDCE=1)

    Location             Delay type                Incr(ns)  Path(ns)    Netlist Resource(s)
  -------------------------------------------------------------------    -------------------
    SLICE_X0Y1           FDCE                         0.000     0.000 r  U1/q_reg[1]/C
    SLICE_X0Y1           FDCE (Prop_fdce_C_Q)         0.182     0.182 r  U1/q_reg[1]/Q
                         net (fo=2, routed)           0.135     0.317    U1/Q[1]
    SLICE_X0Y1           FDCE                                         r  U1/q_reg[2]/D
  -------------------------------------------------------------------    -------------------

Slack:                    inf
  Source:                 U0/count_reg[0]/C
                            (rising edge-triggered cell FDCE)
  Destination:            U0/count_reg[0]/D
  Path Group:             (none)
  Path Type:              Min at Fast Process Corner
  Data Path Delay:        0.431ns  (logic 0.186ns (43.206%)  route 0.245ns (56.794%))
  Logic Levels:           2  (FDCE=1 LUT1=1)

    Location             Delay type                Incr(ns)  Path(ns)    Netlist Resource(s)
  -------------------------------------------------------------------    -------------------
    SLICE_X3Y3           FDCE                         0.000     0.000 r  U0/count_reg[0]/C
    SLICE_X3Y3           FDCE (Prop_fdce_C_Q)         0.141     0.141 f  U0/count_reg[0]/Q
                         net (fo=3, routed)           0.245     0.386    U0/count[0]
    SLICE_X3Y3           LUT1 (Prop_lut1_I0_O)        0.045     0.431 r  U0/count[0]_i_1/O
                         net (fo=1, routed)           0.000     0.431    U0/count_0[0]
    SLICE_X3Y3           FDCE                                         r  U0/count_reg[0]/D
  -------------------------------------------------------------------    -------------------

Slack:                    inf
  Source:                 U1/q_reg[0]/C
                            (rising edge-triggered cell FDPE)
  Destination:            U1/q_reg[0]/D
  Path Group:             (none)
  Path Type:              Min at Fast Process Corner
  Data Path Delay:        0.436ns  (logic 0.240ns (55.092%)  route 0.196ns (44.908%))
  Logic Levels:           2  (FDPE=1 LUT2=1)

    Location             Delay type                Incr(ns)  Path(ns)    Netlist Resource(s)
  -------------------------------------------------------------------    -------------------
    SLICE_X0Y1           FDPE                         0.000     0.000 r  U1/q_reg[0]/C
    SLICE_X0Y1           FDPE (Prop_fdpe_C_Q)         0.195     0.195 r  U1/q_reg[0]/Q
                         net (fo=3, routed)           0.196     0.391    U1/Q[0]
    SLICE_X0Y1           LUT2 (Prop_lut2_I0_O)        0.045     0.436 r  U1/q[0]_i_1/O
                         net (fo=1, routed)           0.000     0.436    U1/p_0_out[0]
    SLICE_X0Y1           FDPE                                         r  U1/q_reg[0]/D
  -------------------------------------------------------------------    -------------------

Slack:                    inf
  Source:                 U0/slow_clk_reg/C
                            (rising edge-triggered cell FDCE)
  Destination:            U0/slow_clk_reg/D
  Path Group:             (none)
  Path Type:              Min at Fast Process Corner
  Data Path Delay:        0.524ns  (logic 0.226ns (43.093%)  route 0.298ns (56.907%))
  Logic Levels:           2  (FDCE=1 LUT2=1)

    Location             Delay type                Incr(ns)  Path(ns)    Netlist Resource(s)
  -------------------------------------------------------------------    -------------------
    SLICE_X3Y1           FDCE                         0.000     0.000 r  U0/slow_clk_reg/C
    SLICE_X3Y1           FDCE (Prop_fdce_C_Q)         0.128     0.128 r  U0/slow_clk_reg/Q
                         net (fo=4, routed)           0.298     0.426    U0/slow_clk_reg_0
    SLICE_X3Y1           LUT2 (Prop_lut2_I1_O)        0.098     0.524 r  U0/slow_clk_i_1/O
                         net (fo=1, routed)           0.000     0.524    U0/slow_clk_i_1_n_0
    SLICE_X3Y1           FDCE                                         r  U0/slow_clk_reg/D
  -------------------------------------------------------------------    -------------------

Slack:                    inf
  Source:                 rst
                            (input port)
  Destination:            U0/count_reg[0]/CLR
  Path Group:             (none)
  Path Type:              Min at Fast Process Corner
  Data Path Delay:        0.606ns  (logic 0.167ns (27.613%)  route 0.439ns (72.387%))
  Logic Levels:           1  (IBUF=1)

    Location             Delay type                Incr(ns)  Path(ns)    Netlist Resource(s)
  -------------------------------------------------------------------    -------------------
    T11                                               0.000     0.000 f  rst (IN)
                         net (fo=0)                   0.000     0.000    rst
    T11                  IBUF (Prop_ibuf_I_O)         0.167     0.167 f  rst_IBUF_inst/O
                         net (fo=30, routed)          0.439     0.606    U0/AR[0]
    SLICE_X3Y3           FDCE                                         f  U0/count_reg[0]/CLR
  -------------------------------------------------------------------    -------------------

Slack:                    inf
  Source:                 rst
                            (input port)
  Destination:            U0/count_reg[14]/CLR
  Path Group:             (none)
  Path Type:              Min at Fast Process Corner
  Data Path Delay:        0.606ns  (logic 0.167ns (27.613%)  route 0.439ns (72.387%))
  Logic Levels:           1  (IBUF=1)

    Location             Delay type                Incr(ns)  Path(ns)    Netlist Resource(s)
  -------------------------------------------------------------------    -------------------
    T11                                               0.000     0.000 f  rst (IN)
                         net (fo=0)                   0.000     0.000    rst
    T11                  IBUF (Prop_ibuf_I_O)         0.167     0.167 f  rst_IBUF_inst/O
                         net (fo=30, routed)          0.439     0.606    U0/AR[0]
    SLICE_X3Y3           FDCE                                         f  U0/count_reg[14]/CLR
  -------------------------------------------------------------------    -------------------

Slack:                    inf
  Source:                 rst
                            (input port)
  Destination:            U0/count_reg[15]/CLR
  Path Group:             (none)
  Path Type:              Min at Fast Process Corner
  Data Path Delay:        0.606ns  (logic 0.167ns (27.613%)  route 0.439ns (72.387%))
  Logic Levels:           1  (IBUF=1)

    Location             Delay type                Incr(ns)  Path(ns)    Netlist Resource(s)
  -------------------------------------------------------------------    -------------------
    T11                                               0.000     0.000 f  rst (IN)
                         net (fo=0)                   0.000     0.000    rst
    T11                  IBUF (Prop_ibuf_I_O)         0.167     0.167 f  rst_IBUF_inst/O
                         net (fo=30, routed)          0.439     0.606    U0/AR[0]
    SLICE_X3Y3           FDCE                                         f  U0/count_reg[15]/CLR
  -------------------------------------------------------------------    -------------------

Slack:                    inf
  Source:                 rst
                            (input port)
  Destination:            U0/count_reg[16]/CLR
  Path Group:             (none)
  Path Type:              Min at Fast Process Corner
  Data Path Delay:        0.606ns  (logic 0.167ns (27.613%)  route 0.439ns (72.387%))
  Logic Levels:           1  (IBUF=1)

    Location             Delay type                Incr(ns)  Path(ns)    Netlist Resource(s)
  -------------------------------------------------------------------    -------------------
    T11                                               0.000     0.000 f  rst (IN)
                         net (fo=0)                   0.000     0.000    rst
    T11                  IBUF (Prop_ibuf_I_O)         0.167     0.167 f  rst_IBUF_inst/O
                         net (fo=30, routed)          0.439     0.606    U0/AR[0]
    SLICE_X3Y3           FDCE                                         f  U0/count_reg[16]/CLR
  -------------------------------------------------------------------    -------------------

Slack:                    inf
  Source:                 rst
                            (input port)
  Destination:            U0/count_reg[17]/CLR
  Path Group:             (none)
  Path Type:              Min at Fast Process Corner
  Data Path Delay:        0.606ns  (logic 0.167ns (27.613%)  route 0.439ns (72.387%))
  Logic Levels:           1  (IBUF=1)

    Location             Delay type                Incr(ns)  Path(ns)    Netlist Resource(s)
  -------------------------------------------------------------------    -------------------
    T11                                               0.000     0.000 f  rst (IN)
                         net (fo=0)                   0.000     0.000    rst
    T11                  IBUF (Prop_ibuf_I_O)         0.167     0.167 f  rst_IBUF_inst/O
                         net (fo=30, routed)          0.439     0.606    U0/AR[0]
    SLICE_X3Y3           FDCE                                         f  U0/count_reg[17]/CLR
  -------------------------------------------------------------------    -------------------





