#-----------------------------------------------------------
# Vivado v2025.2 (64-bit)
# SW Build 6299465 on Fri Nov 14 19:35:11 GMT 2025
# IP Build 6300035 on Fri Nov 14 10:48:45 MST 2025
# SharedData Build 6298862 on Thu Nov 13 04:50:51 MST 2025
# Start of session at: Fri May 29 15:41:12 2026
# Process ID         : 34592
# Current directory  : C:/Users/user/Documents/GitHub/Verilog_Joseph/school/Lab_6_2026/HW6/HW6/HW6.runs/impl_1
# Command line       : vivado.exe -log Lab6_1_Top.vdi -applog -product Vivado -messageDb vivado.pb -mode batch -source Lab6_1_Top.tcl -notrace
# Log file           : C:/Users/user/Documents/GitHub/Verilog_Joseph/school/Lab_6_2026/HW6/HW6/HW6.runs/impl_1/Lab6_1_Top.vdi
# Journal file       : C:/Users/user/Documents/GitHub/Verilog_Joseph/school/Lab_6_2026/HW6/HW6/HW6.runs/impl_1\vivado.jou
# Running On         : MSI
# Platform           : Windows Server 2016 or Windows 10
# Operating System   : 26200
# Processor Detail   : Intel(R) Core(TM) Ultra 7 155H
# CPU Frequency      : 2995 MHz
# CPU Physical cores : 16
# CPU Logical cores  : 22
# Host memory        : 33844 MB
# Swap memory        : 19327 MB
# Total Virtual      : 53171 MB
# Available Virtual  : 23204 MB
#-----------------------------------------------------------
source Lab6_1_Top.tcl -notrace
