
*** Running vivado
    with args -log TB_LFSR_COMPARE.vds -m64 -product Vivado -mode batch -messageDb vivado.pb -notrace -source TB_LFSR_COMPARE.tcl



****** Vivado v2025.2 (64-bit)
  **** SW Build 6299465 on Fri Nov 14 19:35:11 GMT 2025
  **** IP Build 6300035 on Fri Nov 14 10:48:45 MST 2025
  **** SharedData Build 6298862 on Thu Nov 13 04:50:51 MST 2025
  **** Start of session at: Thu May  7 10:32:31 2026
    ** Copyright 1986-2022 Xilinx, Inc. All Rights Reserved.
    ** Copyright 2022-2025 Advanced Micro Devices, Inc. All Rights Reserved.

source TB_LFSR_COMPARE.tcl -notrace
create_project: Time (s): cpu = 00:00:24 ; elapsed = 00:00:16 . Memory (MB): peak = 528.379 ; gain = 221.766
Command: synth_design -top TB_LFSR_COMPARE -part xc7s50csga324-1
Starting synth_design
Attempting to get a license for feature 'Synthesis' and/or device 'xc7s50'
INFO: [Common 17-349] Got license for feature 'Synthesis' and/or device 'xc7s50'
INFO: [Synth 8-7079] Multithreading enabled for synth_design using a maximum of 2 processes.
INFO: [Synth 8-7078] Launching helper process for spawning children vivado processes
INFO: [Synth 8-7075] Helper process launched with PID 5884
---------------------------------------------------------------------------------
Starting Synthesize : Time (s): cpu = 00:00:13 ; elapsed = 00:00:14 . Memory (MB): peak = 1068.152 ; gain = 534.797
---------------------------------------------------------------------------------
INFO: [Synth 8-6157] synthesizing module 'TB_LFSR_COMPARE' [C:/Users/user/Documents/GitHub/Verilog_Joseph/school/LFSR/code/TB_LFSR_COMPARE.v:3]
WARNING: [Synth 8-11581] system task call 'finish' not supported [C:/Users/user/Documents/GitHub/Verilog_Joseph/school/LFSR/code/TB_LFSR_COMPARE.v:29]
INFO: [Synth 8-6157] synthesizing module 'LFSR_EXTERNAL' [C:/Users/user/Documents/GitHub/Verilog_Joseph/school/LFSR/code/LFSR_EXTERNAL.v:1]
INFO: [Synth 8-6155] done synthesizing module 'LFSR_EXTERNAL' (0#1) [C:/Users/user/Documents/GitHub/Verilog_Joseph/school/LFSR/code/LFSR_EXTERNAL.v:1]
INFO: [Synth 8-6157] synthesizing module 'LFSR_INTERNAL' [C:/Users/user/Documents/GitHub/Verilog_Joseph/school/LFSR/code/LFSR_INTERNAL.v:1]
INFO: [Synth 8-6155] done synthesizing module 'LFSR_INTERNAL' (0#1) [C:/Users/user/Documents/GitHub/Verilog_Joseph/school/LFSR/code/LFSR_INTERNAL.v:1]
WARNING: [Synth 8-85] always block has no event control specified [C:/Users/user/Documents/GitHub/Verilog_Joseph/school/LFSR/code/TB_LFSR_COMPARE.v:21]
INFO: [Synth 8-6155] done synthesizing module 'TB_LFSR_COMPARE' (0#1) [C:/Users/user/Documents/GitHub/Verilog_Joseph/school/LFSR/code/TB_LFSR_COMPARE.v:3]
---------------------------------------------------------------------------------
Finished Synthesize : Time (s): cpu = 00:00:17 ; elapsed = 00:00:18 . Memory (MB): peak = 1186.023 ; gain = 652.668
---------------------------------------------------------------------------------
---------------------------------------------------------------------------------
Finished Constraint Validation : Time (s): cpu = 00:00:19 ; elapsed = 00:00:21 . Memory (MB): peak = 1186.023 ; gain = 652.668
---------------------------------------------------------------------------------
---------------------------------------------------------------------------------
Start Loading Part and Timing Information
---------------------------------------------------------------------------------
Loading part: xc7s50csga324-1
INFO: [Device 21-403] Loading part xc7s50csga324-1
---------------------------------------------------------------------------------
Finished Loading Part and Timing Information : Time (s): cpu = 00:00:19 ; elapsed = 00:00:21 . Memory (MB): peak = 1186.023 ; gain = 652.668
---------------------------------------------------------------------------------
---------------------------------------------------------------------------------
Finished RTL Optimization Phase 2 : Time (s): cpu = 00:00:20 ; elapsed = 00:00:21 . Memory (MB): peak = 1186.023 ; gain = 652.668
---------------------------------------------------------------------------------
No constraint files found.
---------------------------------------------------------------------------------
Start RTL Component Statistics 
---------------------------------------------------------------------------------
Detailed RTL Component Info : 
+---XORs : 
	   2 Input      1 Bit         XORs := 2     
+---Registers : 
	                4 Bit    Registers := 2     
---------------------------------------------------------------------------------
Finished RTL Component Statistics 
---------------------------------------------------------------------------------
---------------------------------------------------------------------------------
Start Part Resource Summary
---------------------------------------------------------------------------------
Part Resources:
DSPs: 120 (col length:60)
BRAMs: 150 (col length: RAMB18 60 RAMB36 30)
---------------------------------------------------------------------------------
Finished Part Resource Summary
---------------------------------------------------------------------------------
No constraint files found.
---------------------------------------------------------------------------------
Start Cross Boundary and Area Optimization
---------------------------------------------------------------------------------
WARNING: [Synth 8-3330] design TB_LFSR_COMPARE has an empty top module
---------------------------------------------------------------------------------
Finished Cross Boundary and Area Optimization : Time (s): cpu = 00:00:29 ; elapsed = 00:00:56 . Memory (MB): peak = 1332.074 ; gain = 798.719
---------------------------------------------------------------------------------
No constraint files found.
---------------------------------------------------------------------------------
Start Timing Optimization
---------------------------------------------------------------------------------
---------------------------------------------------------------------------------
Finished Timing Optimization : Time (s): cpu = 00:00:29 ; elapsed = 00:00:56 . Memory (MB): peak = 1356.961 ; gain = 823.605
---------------------------------------------------------------------------------
---------------------------------------------------------------------------------
Start Technology Mapping
---------------------------------------------------------------------------------
---------------------------------------------------------------------------------
Finished Technology Mapping : Time (s): cpu = 00:00:29 ; elapsed = 00:00:56 . Memory (MB): peak = 1356.961 ; gain = 823.605
---------------------------------------------------------------------------------
---------------------------------------------------------------------------------
Start IO Insertion
---------------------------------------------------------------------------------
---------------------------------------------------------------------------------
Start Flattening Before IO Insertion
---------------------------------------------------------------------------------
---------------------------------------------------------------------------------
Finished Flattening Before IO Insertion
---------------------------------------------------------------------------------
---------------------------------------------------------------------------------
Start Final Netlist Cleanup
---------------------------------------------------------------------------------
---------------------------------------------------------------------------------
Finished Final Netlist Cleanup
---------------------------------------------------------------------------------
---------------------------------------------------------------------------------
Finished IO Insertion : Time (s): cpu = 00:00:37 ; elapsed = 00:01:06 . Memory (MB): peak = 1591.949 ; gain = 1058.594
---------------------------------------------------------------------------------
---------------------------------------------------------------------------------
Start Renaming Generated Instances
---------------------------------------------------------------------------------
---------------------------------------------------------------------------------
Finished Renaming Generated Instances : Time (s): cpu = 00:00:37 ; elapsed = 00:01:06 . Memory (MB): peak = 1591.949 ; gain = 1058.594
---------------------------------------------------------------------------------
---------------------------------------------------------------------------------
Start Rebuilding User Hierarchy
---------------------------------------------------------------------------------
---------------------------------------------------------------------------------
Finished Rebuilding User Hierarchy : Time (s): cpu = 00:00:37 ; elapsed = 00:01:06 . Memory (MB): peak = 1591.949 ; gain = 1058.594
---------------------------------------------------------------------------------
---------------------------------------------------------------------------------
Start Renaming Generated Ports
---------------------------------------------------------------------------------
---------------------------------------------------------------------------------
Finished Renaming Generated Ports : Time (s): cpu = 00:00:37 ; elapsed = 00:01:06 . Memory (MB): peak = 1591.949 ; gain = 1058.594
---------------------------------------------------------------------------------
---------------------------------------------------------------------------------
Start Handling Custom Attributes
---------------------------------------------------------------------------------
---------------------------------------------------------------------------------
Finished Handling Custom Attributes : Time (s): cpu = 00:00:37 ; elapsed = 00:01:06 . Memory (MB): peak = 1591.949 ; gain = 1058.594
---------------------------------------------------------------------------------
---------------------------------------------------------------------------------
Start Renaming Generated Nets
---------------------------------------------------------------------------------
---------------------------------------------------------------------------------
Finished Renaming Generated Nets : Time (s): cpu = 00:00:37 ; elapsed = 00:01:06 . Memory (MB): peak = 1591.949 ; gain = 1058.594
---------------------------------------------------------------------------------
---------------------------------------------------------------------------------
Start Writing Synthesis Report
---------------------------------------------------------------------------------

Report BlackBoxes: 
+-+--------------+----------+
| |BlackBox name |Instances |
+-+--------------+----------+
+-+--------------+----------+

Report Cell Usage: 
+-+-----+------+
| |Cell |Count |
+-+-----+------+
+-+-----+------+

Report Instance Areas: 
+------+---------+-------+------+
|      |Instance |Module |Cells |
+------+---------+-------+------+
|1     |top      |       |     0|
+------+---------+-------+------+
---------------------------------------------------------------------------------
Finished Writing Synthesis Report : Time (s): cpu = 00:00:37 ; elapsed = 00:01:06 . Memory (MB): peak = 1591.949 ; gain = 1058.594
---------------------------------------------------------------------------------
Synthesis finished with 0 errors, 0 critical warnings and 3 warnings.
Synthesis Optimization Runtime : Time (s): cpu = 00:00:37 ; elapsed = 00:01:07 . Memory (MB): peak = 1591.949 ; gain = 1058.594
Synthesis Optimization Complete : Time (s): cpu = 00:00:37 ; elapsed = 00:01:07 . Memory (MB): peak = 1591.949 ; gain = 1058.594
INFO: [Project 1-571] Translating synthesized netlist
Netlist sorting complete. Time (s): cpu = 00:00:00 ; elapsed = 00:00:00.001 . Memory (MB): peak = 1593.957 ; gain = 0.000
INFO: [Project 1-570] Preparing netlist for logic optimization
INFO: [Opt 31-138] Pushed 0 inverter(s) to 0 load pin(s).
Netlist sorting complete. Time (s): cpu = 00:00:00 ; elapsed = 00:00:00 . Memory (MB): peak = 1715.535 ; gain = 0.000
INFO: [Project 1-111] Unisim Transformation Summary:
No Unisim elements were transformed.

Synth Design complete | Checksum: 2a21d0f1
INFO: [Common 17-83] Releasing license: Synthesis
16 Infos, 3 Warnings, 0 Critical Warnings and 0 Errors encountered.
synth_design completed successfully
synth_design: Time (s): cpu = 00:00:41 ; elapsed = 00:01:13 . Memory (MB): peak = 1715.535 ; gain = 1187.156
INFO: [Common 17-1381] The checkpoint 'C:/Users/user/Documents/GitHub/Verilog_Joseph/school/LFSR/LFSR.runs/synth_1/TB_LFSR_COMPARE.dcp' has been generated.
INFO: [Vivado 12-24828] Executing command : report_utilization -file TB_LFSR_COMPARE_utilization_synth.rpt -pb TB_LFSR_COMPARE_utilization_synth.pb
INFO: [Common 17-206] Exiting Vivado at Thu May  7 10:34:08 2026...
