#-----------------------------------------------------------
# Vivado v2025.2 (64-bit)
# SW Build 6299465 on Fri Nov 14 19:35:11 GMT 2025
# IP Build 6300035 on Fri Nov 14 10:48:45 MST 2025
# SharedData Build 6298862 on Thu Nov 13 04:50:51 MST 2025
# Start of session at: Fri May 29 14:16:32 2026
# Process ID         : 23240
# Current directory  : C:/Users/user/Documents/GitHub/Verilog_Joseph/school/Lab_5_2026/HW5/HW5/HW5.runs/synth_1
# Command line       : vivado.exe -log DIRECT_Y.vds -product Vivado -mode batch -messageDb vivado.pb -notrace -source DIRECT_Y.tcl
# Log file           : C:/Users/user/Documents/GitHub/Verilog_Joseph/school/Lab_5_2026/HW5/HW5/HW5.runs/synth_1/DIRECT_Y.vds
# Journal file       : C:/Users/user/Documents/GitHub/Verilog_Joseph/school/Lab_5_2026/HW5/HW5/HW5.runs/synth_1\vivado.jou
# Running On         : MSI
# Platform           : Windows Server 2016 or Windows 10
# Operating System   : 26200
# Processor Detail   : Intel(R) Core(TM) Ultra 7 155H
# CPU Frequency      : 2995 MHz
# CPU Physical cores : 16
# CPU Logical cores  : 22
# Host memory        : 33844 MB
# Swap memory        : 19327 MB
# Total Virtual      : 53171 MB
# Available Virtual  : 21266 MB
#-----------------------------------------------------------
source DIRECT_Y.tcl -notrace
