Copyright 1986-2022 Xilinx, Inc. All Rights Reserved. Copyright 2022-2025 Advanced Micro Devices, Inc. All Rights Reserved.
------------------------------------------------------------------------------------------------------------------------------------------------------------------------------------------------------------------------------------
| Tool Version : Vivado v.2025.2 (win64) Build 6299465 Fri Nov 14 19:35:11 GMT 2025
| Date         : Fri May 29 14:19:48 2026
| Host         : MSI running 64-bit major release  (build 9200)
| Command      : report_timing_summary -max_paths 10 -routable_nets -report_unconstrained -file DIRECT_Y_timing_summary_routed.rpt -pb DIRECT_Y_timing_summary_routed.pb -rpx DIRECT_Y_timing_summary_routed.rpx -warn_on_violation
| Design       : DIRECT_Y
| Device       : 7s50-csga324
| Speed File   : -1  PRODUCTION 1.23 2018-06-13
| Design State : Routed
------------------------------------------------------------------------------------------------------------------------------------------------------------------------------------------------------------------------------------

Timing Summary Report

------------------------------------------------------------------------------------------------
| Timer Settings
| --------------
------------------------------------------------------------------------------------------------

  Enable Multi Corner Analysis               :  Yes
  Enable Pessimism Removal                   :  Yes
  Pessimism Removal Resolution               :  Nearest Common Node
  Enable Input Delay Default Clock           :  No
  Enable Preset / Clear Arcs                 :  No
  Disable Flight Delays                      :  No
  Ignore I/O Paths                           :  No
  Timing Early Launch at Borrowing Latches   :  No
  Borrow Time for Max Delay Exceptions       :  Yes
  Merge Timing Exceptions                    :  Yes
  Inter-SLR Compensation                     :  Conservative

  Corner  Analyze    Analyze    
  Name    Max Paths  Min Paths  
  ------  ---------  ---------  
  Slow    Yes        Yes        
  Fast    Yes        Yes        


------------------------------------------------------------------------------------------------
| Report Methodology
| ------------------
------------------------------------------------------------------------------------------------

Rule       Severity          Description                  Violations  
---------  ----------------  ---------------------------  ----------  
TIMING-17  Critical Warning  Non-clocked sequential cell  8           

Note: This report is based on the most recent report_methodology run and may not be up-to-date. Run report_methodology on the current design for the latest report.



check_timing report

Table of Contents
-----------------
1. checking no_clock (8)
2. checking constant_clock (0)
3. checking pulse_width_clock (0)
4. checking unconstrained_internal_endpoints (16)
5. checking no_input_delay (1)
6. checking no_output_delay (8)
7. checking multiple_clock (0)
8. checking generated_clocks (0)
9. checking loops (0)
10. checking partial_input_delay (0)
11. checking partial_output_delay (0)
12. checking latch_loops (0)

1. checking no_clock (8)
------------------------
 There are 8 register/latch pins with no clock driven by root clock pin: clk (HIGH)


2. checking constant_clock (0)
------------------------------
 There are 0 register/latch pins with constant_clock.


3. checking pulse_width_clock (0)
---------------------------------
 There are 0 register/latch pins which need pulse_width check


4. checking unconstrained_internal_endpoints (16)
-------------------------------------------------
 There are 16 pins that are not constrained for maximum delay. (HIGH)

 There are 0 pins that are not constrained for maximum delay due to constant clock.


5. checking no_input_delay (1)
------------------------------
 There is 1 input port with no input delay specified. (HIGH)

 There are 0 input ports with no input delay but user has a false path constraint.


6. checking no_output_delay (8)
-------------------------------
 There are 8 ports with no output delay specified. (HIGH)

 There are 0 ports with no output delay but user has a false path constraint

 There are 0 ports with no output delay but with a timing clock defined on it or propagating through it


7. checking multiple_clock (0)
------------------------------
 There are 0 register/latch pins with multiple clocks.


8. checking generated_clocks (0)
--------------------------------
 There are 0 generated clocks that are not connected to a clock source.


9. checking loops (0)
---------------------
 There are 0 combinational loops in the design.


10. checking partial_input_delay (0)
------------------------------------
 There are 0 input ports with partial input delay specified.


11. checking partial_output_delay (0)
-------------------------------------
 There are 0 ports with partial output delay specified.


12. checking latch_loops (0)
----------------------------
 There are 0 combinational latch loops in the design through latch input



------------------------------------------------------------------------------------------------
| Design Timing Summary
| ---------------------
------------------------------------------------------------------------------------------------

    WNS(ns)      TNS(ns)  TNS Failing Endpoints  TNS Total Endpoints      WHS(ns)      THS(ns)  THS Failing Endpoints  THS Total Endpoints     WPWS(ns)     TPWS(ns)  TPWS Failing Endpoints  TPWS Total Endpoints  
    -------      -------  ---------------------  -------------------      -------      -------  ---------------------  -------------------     --------     --------  ----------------------  --------------------  
        inf        0.000                      0                   24          inf        0.000                      0                   24           NA           NA                      NA                    NA  


There are no user specified timing constraints.


------------------------------------------------------------------------------------------------
| Clock Summary
| -------------
------------------------------------------------------------------------------------------------


------------------------------------------------------------------------------------------------
| Intra Clock Table
| -----------------
------------------------------------------------------------------------------------------------

Clock             WNS(ns)      TNS(ns)  TNS Failing Endpoints  TNS Total Endpoints      WHS(ns)      THS(ns)  THS Failing Endpoints  THS Total Endpoints     WPWS(ns)     TPWS(ns)  TPWS Failing Endpoints  TPWS Total Endpoints  
-----             -------      -------  ---------------------  -------------------      -------      -------  ---------------------  -------------------     --------     --------  ----------------------  --------------------  


------------------------------------------------------------------------------------------------
| Inter Clock Table
| -----------------
------------------------------------------------------------------------------------------------

From Clock    To Clock          WNS(ns)      TNS(ns)  TNS Failing Endpoints  TNS Total Endpoints      WHS(ns)      THS(ns)  THS Failing Endpoints  THS Total Endpoints  
----------    --------          -------      -------  ---------------------  -------------------      -------      -------  ---------------------  -------------------  


------------------------------------------------------------------------------------------------
| Other Path Groups Table
| -----------------------
------------------------------------------------------------------------------------------------

Path Group    From Clock    To Clock          WNS(ns)      TNS(ns)  TNS Failing Endpoints  TNS Total Endpoints      WHS(ns)      THS(ns)  THS Failing Endpoints  THS Total Endpoints  
----------    ----------    --------          -------      -------  ---------------------  -------------------      -------      -------  ---------------------  -------------------  


------------------------------------------------------------------------------------------------
| User Ignored Path Table
| -----------------------
------------------------------------------------------------------------------------------------

Path Group    From Clock    To Clock    
----------    ----------    --------    


------------------------------------------------------------------------------------------------
| Unconstrained Path Table
| ------------------------
------------------------------------------------------------------------------------------------

Path Group    From Clock    To Clock    
----------    ----------    --------    
(none)                                    


------------------------------------------------------------------------------------------------
| Timing Details
| --------------
------------------------------------------------------------------------------------------------


--------------------------------------------------------------------------------------
Path Group:  (none)
From Clock:  
  To Clock:  

Max Delay            24 Endpoints
Min Delay            24 Endpoints
--------------------------------------------------------------------------------------


Max Delay Paths
--------------------------------------------------------------------------------------
Slack:                    inf
  Source:                 count_reg[2]/C
                            (rising edge-triggered cell FDCE)
  Destination:            count[2]
                            (output port)
  Path Group:             (none)
  Path Type:              Max at Slow Process Corner
  Data Path Delay:        5.115ns  (logic 3.194ns (62.438%)  route 1.921ns (37.562%))
  Logic Levels:           2  (FDCE=1 OBUF=1)

    Location             Delay type                Incr(ns)  Path(ns)    Netlist Resource(s)
  -------------------------------------------------------------------    -------------------
    SLICE_X0Y3           FDCE                         0.000     0.000 r  count_reg[2]/C
    SLICE_X0Y3           FDCE (Prop_fdce_C_Q)         0.419     0.419 r  count_reg[2]/Q
                         net (fo=8, routed)           1.921     2.340    count_OBUF[2]
    U12                  OBUF (Prop_obuf_I_O)         2.775     5.115 r  count_OBUF[2]_inst/O
                         net (fo=0)                   0.000     5.115    count[2]
    U12                                                               r  count[2] (OUT)
  -------------------------------------------------------------------    -------------------

Slack:                    inf
  Source:                 count_reg[1]/C
                            (rising edge-triggered cell FDCE)
  Destination:            count[1]
                            (output port)
  Path Group:             (none)
  Path Type:              Max at Slow Process Corner
  Data Path Delay:        5.104ns  (logic 3.193ns (62.564%)  route 1.911ns (37.436%))
  Logic Levels:           2  (FDCE=1 OBUF=1)

    Location             Delay type                Incr(ns)  Path(ns)    Netlist Resource(s)
  -------------------------------------------------------------------    -------------------
    SLICE_X0Y3           FDCE                         0.000     0.000 r  count_reg[1]/C
    SLICE_X0Y3           FDCE (Prop_fdce_C_Q)         0.419     0.419 r  count_reg[1]/Q
                         net (fo=9, routed)           1.911     2.330    count_OBUF[1]
    V13                  OBUF (Prop_obuf_I_O)         2.774     5.104 r  count_OBUF[1]_inst/O
                         net (fo=0)                   0.000     5.104    count[1]
    V13                                                               r  count[1] (OUT)
  -------------------------------------------------------------------    -------------------

Slack:                    inf
  Source:                 count_reg[0]/C
                            (rising edge-triggered cell FDCE)
  Destination:            count[0]
                            (output port)
  Path Group:             (none)
  Path Type:              Max at Slow Process Corner
  Data Path Delay:        5.052ns  (logic 3.179ns (62.922%)  route 1.873ns (37.078%))
  Logic Levels:           2  (FDCE=1 OBUF=1)

    Location             Delay type                Incr(ns)  Path(ns)    Netlist Resource(s)
  -------------------------------------------------------------------    -------------------
    SLICE_X0Y3           FDCE                         0.000     0.000 r  count_reg[0]/C
    SLICE_X0Y3           FDCE (Prop_fdce_C_Q)         0.419     0.419 r  count_reg[0]/Q
                         net (fo=9, routed)           1.873     2.292    count_OBUF[0]
    T12                  OBUF (Prop_obuf_I_O)         2.760     5.052 r  count_OBUF[0]_inst/O
                         net (fo=0)                   0.000     5.052    count[0]
    T12                                                               r  count[0] (OUT)
  -------------------------------------------------------------------    -------------------

Slack:                    inf
  Source:                 Y_reg[0]/C
                            (rising edge-triggered cell FDCE)
  Destination:            Y[0]
                            (output port)
  Path Group:             (none)
  Path Type:              Max at Slow Process Corner
  Data Path Delay:        4.740ns  (logic 3.025ns (63.821%)  route 1.715ns (36.179%))
  Logic Levels:           2  (FDCE=1 OBUF=1)

    Location             Delay type                Incr(ns)  Path(ns)    Netlist Resource(s)
  -------------------------------------------------------------------    -------------------
    SLICE_X0Y3           FDCE                         0.000     0.000 r  Y_reg[0]/C
    SLICE_X0Y3           FDCE (Prop_fdce_C_Q)         0.456     0.456 r  Y_reg[0]/Q
                         net (fo=1, routed)           1.715     2.171    Y_OBUF[0]
    R12                  OBUF (Prop_obuf_I_O)         2.569     4.740 r  Y_OBUF[0]_inst/O
                         net (fo=0)                   0.000     4.740    Y[0]
    R12                                                               r  Y[0] (OUT)
  -------------------------------------------------------------------    -------------------

Slack:                    inf
  Source:                 Y_reg[3]/C
                            (rising edge-triggered cell FDCE)
  Destination:            Y[3]
                            (output port)
  Path Group:             (none)
  Path Type:              Max at Slow Process Corner
  Data Path Delay:        4.726ns  (logic 3.193ns (67.563%)  route 1.533ns (32.437%))
  Logic Levels:           2  (FDCE=1 OBUF=1)

    Location             Delay type                Incr(ns)  Path(ns)    Netlist Resource(s)
  -------------------------------------------------------------------    -------------------
    SLICE_X0Y3           FDCE                         0.000     0.000 r  Y_reg[3]/C
    SLICE_X0Y3           FDCE (Prop_fdce_C_Q)         0.419     0.419 r  Y_reg[3]/Q
                         net (fo=1, routed)           1.533     1.952    Y_OBUF[3]
    T11                  OBUF (Prop_obuf_I_O)         2.774     4.726 r  Y_OBUF[3]_inst/O
                         net (fo=0)                   0.000     4.726    Y[3]
    T11                                                               r  Y[3] (OUT)
  -------------------------------------------------------------------    -------------------

Slack:                    inf
  Source:                 Y_reg[1]/C
                            (rising edge-triggered cell FDCE)
  Destination:            Y[1]
                            (output port)
  Path Group:             (none)
  Path Type:              Max at Slow Process Corner
  Data Path Delay:        4.724ns  (logic 3.050ns (64.573%)  route 1.673ns (35.427%))
  Logic Levels:           2  (FDCE=1 OBUF=1)

    Location             Delay type                Incr(ns)  Path(ns)    Netlist Resource(s)
  -------------------------------------------------------------------    -------------------
    SLICE_X0Y3           FDCE                         0.000     0.000 r  Y_reg[1]/C
    SLICE_X0Y3           FDCE (Prop_fdce_C_Q)         0.456     0.456 r  Y_reg[1]/Q
                         net (fo=1, routed)           1.673     2.129    Y_OBUF[1]
    V12                  OBUF (Prop_obuf_I_O)         2.594     4.724 r  Y_OBUF[1]_inst/O
                         net (fo=0)                   0.000     4.724    Y[1]
    V12                                                               r  Y[1] (OUT)
  -------------------------------------------------------------------    -------------------

Slack:                    inf
  Source:                 Y_reg[2]/C
                            (rising edge-triggered cell FDCE)
  Destination:            Y[2]
                            (output port)
  Path Group:             (none)
  Path Type:              Max at Slow Process Corner
  Data Path Delay:        4.721ns  (logic 3.050ns (64.590%)  route 1.672ns (35.410%))
  Logic Levels:           2  (FDCE=1 OBUF=1)

    Location             Delay type                Incr(ns)  Path(ns)    Netlist Resource(s)
  -------------------------------------------------------------------    -------------------
    SLICE_X0Y3           FDCE                         0.000     0.000 r  Y_reg[2]/C
    SLICE_X0Y3           FDCE (Prop_fdce_C_Q)         0.456     0.456 r  Y_reg[2]/Q
                         net (fo=1, routed)           1.672     2.128    Y_OBUF[2]
    U11                  OBUF (Prop_obuf_I_O)         2.594     4.721 r  Y_OBUF[2]_inst/O
                         net (fo=0)                   0.000     4.721    Y[2]
    U11                                                               r  Y[2] (OUT)
  -------------------------------------------------------------------    -------------------

Slack:                    inf
  Source:                 Y_reg[4]/C
                            (rising edge-triggered cell FDCE)
  Destination:            Y[4]
                            (output port)
  Path Group:             (none)
  Path Type:              Max at Slow Process Corner
  Data Path Delay:        4.720ns  (logic 3.054ns (64.712%)  route 1.666ns (35.288%))
  Logic Levels:           2  (FDCE=1 OBUF=1)

    Location             Delay type                Incr(ns)  Path(ns)    Netlist Resource(s)
  -------------------------------------------------------------------    -------------------
    SLICE_X0Y3           FDCE                         0.000     0.000 r  Y_reg[4]/C
    SLICE_X0Y3           FDCE (Prop_fdce_C_Q)         0.456     0.456 r  Y_reg[4]/Q
                         net (fo=1, routed)           1.666     2.122    Y_OBUF[4]
    R11                  OBUF (Prop_obuf_I_O)         2.598     4.720 r  Y_OBUF[4]_inst/O
                         net (fo=0)                   0.000     4.720    Y[4]
    R11                                                               r  Y[4] (OUT)
  -------------------------------------------------------------------    -------------------

Slack:                    inf
  Source:                 rst
                            (input port)
  Destination:            Y_reg[0]/CLR
  Path Group:             (none)
  Path Type:              Max at Slow Process Corner
  Data Path Delay:        2.041ns  (logic 0.936ns (45.878%)  route 1.105ns (54.122%))
  Logic Levels:           1  (IBUF=1)

    Location             Delay type                Incr(ns)  Path(ns)    Netlist Resource(s)
  -------------------------------------------------------------------    -------------------
    V15                                               0.000     0.000 f  rst (IN)
                         net (fo=0)                   0.000     0.000    rst
    V15                  IBUF (Prop_ibuf_I_O)         0.936     0.936 f  rst_IBUF_inst/O
                         net (fo=8, routed)           1.105     2.041    rst_IBUF
    SLICE_X0Y3           FDCE                                         f  Y_reg[0]/CLR
  -------------------------------------------------------------------    -------------------

Slack:                    inf
  Source:                 rst
                            (input port)
  Destination:            Y_reg[1]/CLR
  Path Group:             (none)
  Path Type:              Max at Slow Process Corner
  Data Path Delay:        2.041ns  (logic 0.936ns (45.878%)  route 1.105ns (54.122%))
  Logic Levels:           1  (IBUF=1)

    Location             Delay type                Incr(ns)  Path(ns)    Netlist Resource(s)
  -------------------------------------------------------------------    -------------------
    V15                                               0.000     0.000 f  rst (IN)
                         net (fo=0)                   0.000     0.000    rst
    V15                  IBUF (Prop_ibuf_I_O)         0.936     0.936 f  rst_IBUF_inst/O
                         net (fo=8, routed)           1.105     2.041    rst_IBUF
    SLICE_X0Y3           FDCE                                         f  Y_reg[1]/CLR
  -------------------------------------------------------------------    -------------------





Min Delay Paths
--------------------------------------------------------------------------------------
Slack:                    inf
  Source:                 count_reg[2]/C
                            (rising edge-triggered cell FDCE)
  Destination:            Y_reg[4]/D
  Path Group:             (none)
  Path Type:              Min at Fast Process Corner
  Data Path Delay:        0.391ns  (logic 0.226ns (57.738%)  route 0.165ns (42.262%))
  Logic Levels:           2  (FDCE=1 LUT3=1)

    Location             Delay type                Incr(ns)  Path(ns)    Netlist Resource(s)
  -------------------------------------------------------------------    -------------------
    SLICE_X0Y3           FDCE                         0.000     0.000 r  count_reg[2]/C
    SLICE_X0Y3           FDCE (Prop_fdce_C_Q)         0.128     0.128 r  count_reg[2]/Q
                         net (fo=8, routed)           0.165     0.293    count_OBUF[2]
    SLICE_X0Y3           LUT3 (Prop_lut3_I1_O)        0.098     0.391 r  Y[4]_i_1/O
                         net (fo=1, routed)           0.000     0.391    p_0_in[4]
    SLICE_X0Y3           FDCE                                         r  Y_reg[4]/D
  -------------------------------------------------------------------    -------------------

Slack:                    inf
  Source:                 count_reg[2]/C
                            (rising edge-triggered cell FDCE)
  Destination:            Y_reg[2]/D
  Path Group:             (none)
  Path Type:              Min at Fast Process Corner
  Data Path Delay:        0.395ns  (logic 0.226ns (57.198%)  route 0.169ns (42.802%))
  Logic Levels:           2  (FDCE=1 LUT3=1)

    Location             Delay type                Incr(ns)  Path(ns)    Netlist Resource(s)
  -------------------------------------------------------------------    -------------------
    SLICE_X0Y3           FDCE                         0.000     0.000 r  count_reg[2]/C
    SLICE_X0Y3           FDCE (Prop_fdce_C_Q)         0.128     0.128 r  count_reg[2]/Q
                         net (fo=8, routed)           0.169     0.297    count_OBUF[2]
    SLICE_X0Y3           LUT3 (Prop_lut3_I2_O)        0.098     0.395 r  Y[2]_i_1/O
                         net (fo=1, routed)           0.000     0.395    p_0_in[2]
    SLICE_X0Y3           FDCE                                         r  Y_reg[2]/D
  -------------------------------------------------------------------    -------------------

Slack:                    inf
  Source:                 count_reg[2]/C
                            (rising edge-triggered cell FDCE)
  Destination:            count_reg[0]/D
  Path Group:             (none)
  Path Type:              Min at Fast Process Corner
  Data Path Delay:        0.395ns  (logic 0.230ns (58.165%)  route 0.165ns (41.835%))
  Logic Levels:           2  (FDCE=1 LUT3=1)

    Location             Delay type                Incr(ns)  Path(ns)    Netlist Resource(s)
  -------------------------------------------------------------------    -------------------
    SLICE_X0Y3           FDCE                         0.000     0.000 r  count_reg[2]/C
    SLICE_X0Y3           FDCE (Prop_fdce_C_Q)         0.128     0.128 f  count_reg[2]/Q
                         net (fo=8, routed)           0.165     0.293    count_OBUF[2]
    SLICE_X0Y3           LUT3 (Prop_lut3_I1_O)        0.102     0.395 r  count[0]_i_1/O
                         net (fo=1, routed)           0.000     0.395    count[0]_i_1_n_0
    SLICE_X0Y3           FDCE                                         r  count_reg[0]/D
  -------------------------------------------------------------------    -------------------

Slack:                    inf
  Source:                 count_reg[2]/C
                            (rising edge-triggered cell FDCE)
  Destination:            Y_reg[3]/D
  Path Group:             (none)
  Path Type:              Min at Fast Process Corner
  Data Path Delay:        0.401ns  (logic 0.232ns (57.839%)  route 0.169ns (42.161%))
  Logic Levels:           2  (FDCE=1 LUT3=1)

    Location             Delay type                Incr(ns)  Path(ns)    Netlist Resource(s)
  -------------------------------------------------------------------    -------------------
    SLICE_X0Y3           FDCE                         0.000     0.000 r  count_reg[2]/C
    SLICE_X0Y3           FDCE (Prop_fdce_C_Q)         0.128     0.128 f  count_reg[2]/Q
                         net (fo=8, routed)           0.169     0.297    count_OBUF[2]
    SLICE_X0Y3           LUT3 (Prop_lut3_I0_O)        0.104     0.401 r  Y[3]_i_1/O
                         net (fo=1, routed)           0.000     0.401    p_0_in[3]
    SLICE_X0Y3           FDCE                                         r  Y_reg[3]/D
  -------------------------------------------------------------------    -------------------

Slack:                    inf
  Source:                 count_reg[0]/C
                            (rising edge-triggered cell FDCE)
  Destination:            Y_reg[1]/D
  Path Group:             (none)
  Path Type:              Min at Fast Process Corner
  Data Path Delay:        0.412ns  (logic 0.226ns (54.804%)  route 0.186ns (45.196%))
  Logic Levels:           2  (FDCE=1 LUT3=1)

    Location             Delay type                Incr(ns)  Path(ns)    Netlist Resource(s)
  -------------------------------------------------------------------    -------------------
    SLICE_X0Y3           FDCE                         0.000     0.000 r  count_reg[0]/C
    SLICE_X0Y3           FDCE (Prop_fdce_C_Q)         0.128     0.128 r  count_reg[0]/Q
                         net (fo=9, routed)           0.186     0.314    count_OBUF[0]
    SLICE_X0Y3           LUT3 (Prop_lut3_I1_O)        0.098     0.412 r  Y[1]_i_1/O
                         net (fo=1, routed)           0.000     0.412    p_0_in[1]
    SLICE_X0Y3           FDCE                                         r  Y_reg[1]/D
  -------------------------------------------------------------------    -------------------

Slack:                    inf
  Source:                 count_reg[0]/C
                            (rising edge-triggered cell FDCE)
  Destination:            count_reg[2]/D
  Path Group:             (none)
  Path Type:              Min at Fast Process Corner
  Data Path Delay:        0.412ns  (logic 0.226ns (54.804%)  route 0.186ns (45.196%))
  Logic Levels:           2  (FDCE=1 LUT3=1)

    Location             Delay type                Incr(ns)  Path(ns)    Netlist Resource(s)
  -------------------------------------------------------------------    -------------------
    SLICE_X0Y3           FDCE                         0.000     0.000 r  count_reg[0]/C
    SLICE_X0Y3           FDCE (Prop_fdce_C_Q)         0.128     0.128 r  count_reg[0]/Q
                         net (fo=9, routed)           0.186     0.314    count_OBUF[0]
    SLICE_X0Y3           LUT3 (Prop_lut3_I2_O)        0.098     0.412 r  count[2]_i_1/O
                         net (fo=1, routed)           0.000     0.412    count[2]_i_1_n_0
    SLICE_X0Y3           FDCE                                         r  count_reg[2]/D
  -------------------------------------------------------------------    -------------------

Slack:                    inf
  Source:                 count_reg[0]/C
                            (rising edge-triggered cell FDCE)
  Destination:            Y_reg[0]/D
  Path Group:             (none)
  Path Type:              Min at Fast Process Corner
  Data Path Delay:        0.422ns  (logic 0.226ns (53.605%)  route 0.196ns (46.395%))
  Logic Levels:           2  (FDCE=1 LUT3=1)

    Location             Delay type                Incr(ns)  Path(ns)    Netlist Resource(s)
  -------------------------------------------------------------------    -------------------
    SLICE_X0Y3           FDCE                         0.000     0.000 r  count_reg[0]/C
    SLICE_X0Y3           FDCE (Prop_fdce_C_Q)         0.128     0.128 f  count_reg[0]/Q
                         net (fo=9, routed)           0.196     0.324    count_OBUF[0]
    SLICE_X0Y3           LUT3 (Prop_lut3_I1_O)        0.098     0.422 r  Y[0]_i_1/O
                         net (fo=1, routed)           0.000     0.422    Y[0]_i_1_n_0
    SLICE_X0Y3           FDCE                                         r  Y_reg[0]/D
  -------------------------------------------------------------------    -------------------

Slack:                    inf
  Source:                 count_reg[0]/C
                            (rising edge-triggered cell FDCE)
  Destination:            count_reg[1]/D
  Path Group:             (none)
  Path Type:              Min at Fast Process Corner
  Data Path Delay:        0.423ns  (logic 0.227ns (53.714%)  route 0.196ns (46.286%))
  Logic Levels:           2  (FDCE=1 LUT2=1)

    Location             Delay type                Incr(ns)  Path(ns)    Netlist Resource(s)
  -------------------------------------------------------------------    -------------------
    SLICE_X0Y3           FDCE                         0.000     0.000 r  count_reg[0]/C
    SLICE_X0Y3           FDCE (Prop_fdce_C_Q)         0.128     0.128 r  count_reg[0]/Q
                         net (fo=9, routed)           0.196     0.324    count_OBUF[0]
    SLICE_X0Y3           LUT2 (Prop_lut2_I1_O)        0.099     0.423 r  count[1]_i_1/O
                         net (fo=1, routed)           0.000     0.423    count[1]_i_1_n_0
    SLICE_X0Y3           FDCE                                         r  count_reg[1]/D
  -------------------------------------------------------------------    -------------------

Slack:                    inf
  Source:                 rst
                            (input port)
  Destination:            Y_reg[0]/CLR
  Path Group:             (none)
  Path Type:              Min at Fast Process Corner
  Data Path Delay:        0.601ns  (logic 0.165ns (27.530%)  route 0.436ns (72.470%))
  Logic Levels:           1  (IBUF=1)

    Location             Delay type                Incr(ns)  Path(ns)    Netlist Resource(s)
  -------------------------------------------------------------------    -------------------
    V15                                               0.000     0.000 f  rst (IN)
                         net (fo=0)                   0.000     0.000    rst
    V15                  IBUF (Prop_ibuf_I_O)         0.165     0.165 f  rst_IBUF_inst/O
                         net (fo=8, routed)           0.436     0.601    rst_IBUF
    SLICE_X0Y3           FDCE                                         f  Y_reg[0]/CLR
  -------------------------------------------------------------------    -------------------

Slack:                    inf
  Source:                 rst
                            (input port)
  Destination:            Y_reg[1]/CLR
  Path Group:             (none)
  Path Type:              Min at Fast Process Corner
  Data Path Delay:        0.601ns  (logic 0.165ns (27.530%)  route 0.436ns (72.470%))
  Logic Levels:           1  (IBUF=1)

    Location             Delay type                Incr(ns)  Path(ns)    Netlist Resource(s)
  -------------------------------------------------------------------    -------------------
    V15                                               0.000     0.000 f  rst (IN)
                         net (fo=0)                   0.000     0.000    rst
    V15                  IBUF (Prop_ibuf_I_O)         0.165     0.165 f  rst_IBUF_inst/O
                         net (fo=8, routed)           0.436     0.601    rst_IBUF
    SLICE_X0Y3           FDCE                                         f  Y_reg[1]/CLR
  -------------------------------------------------------------------    -------------------





