Vivado Simulator v2025.2
Copyright 1986-2022 Xilinx, Inc. All Rights Reserved.
Copyright 2022-2025 Advanced Micro Devices, Inc. All Rights Reserved.
Running: C:/AMDDesignTools/2025.2/Vivado/bin/unwrapped/win64.o/xelab.exe --incr --debug typical --relax --mt 2 -L xil_defaultlib -L unisims_ver -L unimacro_ver -L secureip --snapshot TB_Lab6_4_behav xil_defaultlib.TB_Lab6_4 xil_defaultlib.glbl -log elaborate.log 
Using 2 slave threads.
Starting static elaboration
Pass Through NonSizing Optimizer
Completed static elaboration
Starting simulation data flow analysis
WARNING: [XSIM 43-4099] "C:/Users/user/Documents/GitHub/Verilog_Joseph/school/Lab_6_2026/HW6/HW6/HW6.srcs/sources_1/new/Lab6_4_Top.v" Line 1. Module Lab6_4_Top doesn't have a timescale but at least one module in design has a timescale.
WARNING: [XSIM 43-4099] "C:/Users/user/Documents/GitHub/Verilog_Joseph/school/Lab_6_2026/HW6/HW6/HW6.srcs/sources_1/new/Clock_Divider_Duty.v" Line 1. Module Clock_Divider_Duty doesn't have a timescale but at least one module in design has a timescale.
WARNING: [XSIM 43-4099] "C:/Users/user/Documents/GitHub/Verilog_Joseph/school/Lab_6_2026/HW6/HW6/HW6.srcs/sources_1/new/Multi_LFSR.v" Line 1. Module Multi_LFSR_4LED doesn't have a timescale but at least one module in design has a timescale.
Completed simulation data flow analysis
Time Resolution for simulation is 1ps
Compiling module xil_defaultlib.Clock_Divider_Duty
Compiling module xil_defaultlib.Multi_LFSR_4LED
Compiling module xil_defaultlib.Lab6_4_Top
Compiling module xil_defaultlib.TB_Lab6_4
Compiling module xil_defaultlib.glbl
Built simulation snapshot TB_Lab6_4_behav
